\set ECHO none
remove_provenance

(1 row)
city|counting
Berlin|1
New York|1
Paris|3
(3 rows)
