\set ECHO none
create_provenance_mapping

(1 row)
value
1
2
3
4
5
6
7
(7 rows)
create_provenance_mapping

(1 row)
value
1
2
3
4
5
6
7
(7 rows)
