\set ECHO none
remove_provenance

city,prob
Berlin,0.54
New York,0.26
Paris,0.41
