\set ECHO none
remove_provenance

classification,formula
unclassified,John
restricted,(Nancy ⊕ Paul)
confidential,Dave
secret,(Ellen ⊕ Susan)
top_secret,Magdalen
