\set ECHO none
remove_provenance

city,formula
Berlin,((Ellen ⊕ Susan) ⊖ (Ellen ⊗ Susan))
New York,((John ⊕ Paul) ⊖ (John ⊗ Paul))
Paris,((Dave ⊕ Magdalen ⊕ Nancy) ⊖ ((Dave ⊗ Magdalen) ⊕ (Dave ⊗ Nancy) ⊕ (Magdalen ⊗ Nancy)))
