\set ECHO none
create_provenance_mapping

remove_provenance

city,formula
Berlin,(Ellen ⊗ Susan)
New York,(John ⊗ Paul)
Paris,((Dave ⊗ Magdalen) ⊕ (Dave ⊗ Nancy) ⊕ (Magdalen ⊗ Nancy))
