\set ECHO none
remove_provenance

security
unclassified
