\set ECHO none
remove_provenance

city,formula
Berlin,Ellen
Berlin,Susan
New York,John
New York,Paul
Paris,Dave
Paris,Magdalen
Paris,Nancy
