\set ECHO none
add_provenance

(1 row)
remove_provenance

(1 row)
probability_evaluate
1
(1 row)
