\set ECHO none
remove_provenance

city,round
Paris,0.4
