\set ECHO none
add_provenance

add_provenance

remove_provenance

f
42
