\set ECHO none
remove_provenance

(1 row)

(7 rows)
