\set ECHO none
id,name,position,city,classification,provsql
id,name,position,city,classification,provsql
