\set ECHO none
add_provenance

remove_provenance

x

