\set ECHO none
create_provenance_mapping

remove_provenance

city,security
Berlin,secret
New York,restricted
Paris,confidential
