\set ECHO none
NOTICE:  installing required extension "uuid-ossp"
