\set ECHO none
add_provenance

create_provenance_mapping

create_provenance_mapping

remove_provenance

person,c
Daisey,0
Audrey,1
Jack,1
Kyra,1
Bart,2
Demetra,2
Ginny,2
Harriette,2
Karleen,2
Roman,2
Theodora,2
Titus,2
Daphine,4
remove_provenance

person,round
Karleen,0.99290
