\set ECHO none
remove_provenance

classification,formula
unclassified,John
restricted,(Nancy ⊕ Nancy ⊕ Paul)
confidential,(Dave ⊕ Dave)
secret,(Ellen ⊕ Susan)
top_secret,(Magdalen ⊕ Magdalen)
