\set ECHO none
ERROR:  Non-terminal aggregates not supported by ProvSQL
