\set ECHO none
create_provenance_mapping

value
Dave
Ellen
John
Magdalen
Nancy
Paul
Susan
