\set ECHO none
 remove_provenance 
-------------------
 
(1 row)

   city   |                       ok                       
----------+------------------------------------------------
 New York | ╔════════╗     ┌──────┐     ┌───┐     ┌──────┐+
          | ║ Π(1,0) ║ ──▶ │ Π(4) │ ──▶ │ ⊗ │ ──▶ │ John │+
          | ╚════════╝     └──────┘     └───┘     └──────┘+
          | 
(1 row)

