\set ECHO none
remove_provenance

c1,c2,regexp_replace
Berlin,Berlin,"{[personnel::4;personnel::4],[personnel::4;personnel::4],[]}"
New York,New York,"{[personnel::4;personnel::4],[personnel::4;personnel::4],[]}"
Paris,Paris,"{[personnel::4;personnel::4;personnel::4],[personnel::4;personnel::4;personnel::4],[]}"
remove_provenance

city,regexp_replace
Berlin,"{[personnel::4;personnel::4],[]}"
New York,"{[personnel::4;personnel::4],[]}"
Paris,"{[personnel::4;personnel::4;personnel::4],[]}"
remove_provenance

?column?,city,regexp_replace
1,Berlin,"{[],[personnel::4],[]}"
1,Berlin,"{[],[personnel::4],[]}"
1,New York,"{[],[personnel::4],[]}"
1,New York,"{[],[personnel::4],[]}"
1,Paris,"{[],[personnel::4],[]}"
1,Paris,"{[],[personnel::4],[]}"
1,Paris,"{[],[personnel::4],[]}"
